Archive member included because of file (symbol)

h:/iti embedded system fundamentals training/01- es full diploma-20230730t125517z-001/01- es full diploma/02-imt_sdk/winavr/bin/../lib/gcc/avr/4.3.3/avr5\libgcc.a(_mulsi3.o)
                              ./AC_TempSens.o (__mulsi3)
h:/iti embedded system fundamentals training/01- es full diploma-20230730t125517z-001/01- es full diploma/02-imt_sdk/winavr/bin/../lib/gcc/avr/4.3.3/avr5\libgcc.a(_udivmodhi4.o)
                              ./AC_TempSens.o (__udivmodhi4)
h:/iti embedded system fundamentals training/01- es full diploma-20230730t125517z-001/01- es full diploma/02-imt_sdk/winavr/bin/../lib/gcc/avr/4.3.3/avr5\libgcc.a(_udivmodsi4.o)
                              ./LCD.o (__udivmodsi4)
h:/iti embedded system fundamentals training/01- es full diploma-20230730t125517z-001/01- es full diploma/02-imt_sdk/winavr/bin/../lib/gcc/avr/4.3.3/avr5\libgcc.a(_exit.o)
                              h:/iti embedded system fundamentals training/01- es full diploma-20230730t125517z-001/01- es full diploma/02-imt_sdk/winavr/bin/../lib/gcc/avr/4.3.3/../../../../avr/lib/avr5/crtm32.o (exit)
h:/iti embedded system fundamentals training/01- es full diploma-20230730t125517z-001/01- es full diploma/02-imt_sdk/winavr/bin/../lib/gcc/avr/4.3.3/avr5\libgcc.a(_copy_data.o)
                              ./AC_TempSens.o (__do_copy_data)
h:/iti embedded system fundamentals training/01- es full diploma-20230730t125517z-001/01- es full diploma/02-imt_sdk/winavr/bin/../lib/gcc/avr/4.3.3/avr5\libgcc.a(_clear_bss.o)
                              ./AC_TempSens.o (__do_clear_bss)
h:/iti embedded system fundamentals training/01- es full diploma-20230730t125517z-001/01- es full diploma/02-imt_sdk/winavr/bin/../lib/gcc/avr/4.3.3/avr5\libgcc.a(_fixunssfsi.o)
                              ./AC_TempSens.o (__fixunssfsi)
h:/iti embedded system fundamentals training/01- es full diploma-20230730t125517z-001/01- es full diploma/02-imt_sdk/winavr/bin/../lib/gcc/avr/4.3.3/avr5\libgcc.a(_addsub_sf.o)
                              h:/iti embedded system fundamentals training/01- es full diploma-20230730t125517z-001/01- es full diploma/02-imt_sdk/winavr/bin/../lib/gcc/avr/4.3.3/avr5\libgcc.a(_fixunssfsi.o) (__subsf3)
h:/iti embedded system fundamentals training/01- es full diploma-20230730t125517z-001/01- es full diploma/02-imt_sdk/winavr/bin/../lib/gcc/avr/4.3.3/avr5\libgcc.a(_mul_sf.o)
                              ./AC_TempSens.o (__mulsf3)
h:/iti embedded system fundamentals training/01- es full diploma-20230730t125517z-001/01- es full diploma/02-imt_sdk/winavr/bin/../lib/gcc/avr/4.3.3/avr5\libgcc.a(_gt_sf.o)
                              ./AC_TempSens.o (__gtsf2)
h:/iti embedded system fundamentals training/01- es full diploma-20230730t125517z-001/01- es full diploma/02-imt_sdk/winavr/bin/../lib/gcc/avr/4.3.3/avr5\libgcc.a(_ge_sf.o)
                              h:/iti embedded system fundamentals training/01- es full diploma-20230730t125517z-001/01- es full diploma/02-imt_sdk/winavr/bin/../lib/gcc/avr/4.3.3/avr5\libgcc.a(_fixunssfsi.o) (__gesf2)
h:/iti embedded system fundamentals training/01- es full diploma-20230730t125517z-001/01- es full diploma/02-imt_sdk/winavr/bin/../lib/gcc/avr/4.3.3/avr5\libgcc.a(_lt_sf.o)
                              ./AC_TempSens.o (__ltsf2)
h:/iti embedded system fundamentals training/01- es full diploma-20230730t125517z-001/01- es full diploma/02-imt_sdk/winavr/bin/../lib/gcc/avr/4.3.3/avr5\libgcc.a(_sf_to_si.o)
                              h:/iti embedded system fundamentals training/01- es full diploma-20230730t125517z-001/01- es full diploma/02-imt_sdk/winavr/bin/../lib/gcc/avr/4.3.3/avr5\libgcc.a(_fixunssfsi.o) (__fixsfsi)
h:/iti embedded system fundamentals training/01- es full diploma-20230730t125517z-001/01- es full diploma/02-imt_sdk/winavr/bin/../lib/gcc/avr/4.3.3/avr5\libgcc.a(_thenan_sf.o)
                              h:/iti embedded system fundamentals training/01- es full diploma-20230730t125517z-001/01- es full diploma/02-imt_sdk/winavr/bin/../lib/gcc/avr/4.3.3/avr5\libgcc.a(_addsub_sf.o) (__thenan_sf)
h:/iti embedded system fundamentals training/01- es full diploma-20230730t125517z-001/01- es full diploma/02-imt_sdk/winavr/bin/../lib/gcc/avr/4.3.3/avr5\libgcc.a(_prologue.o)
                              h:/iti embedded system fundamentals training/01- es full diploma-20230730t125517z-001/01- es full diploma/02-imt_sdk/winavr/bin/../lib/gcc/avr/4.3.3/avr5\libgcc.a(_addsub_sf.o) (__prologue_saves__)
h:/iti embedded system fundamentals training/01- es full diploma-20230730t125517z-001/01- es full diploma/02-imt_sdk/winavr/bin/../lib/gcc/avr/4.3.3/avr5\libgcc.a(_epilogue.o)
                              h:/iti embedded system fundamentals training/01- es full diploma-20230730t125517z-001/01- es full diploma/02-imt_sdk/winavr/bin/../lib/gcc/avr/4.3.3/avr5\libgcc.a(_addsub_sf.o) (__epilogue_restores__)
h:/iti embedded system fundamentals training/01- es full diploma-20230730t125517z-001/01- es full diploma/02-imt_sdk/winavr/bin/../lib/gcc/avr/4.3.3/avr5\libgcc.a(_pack_sf.o)
                              h:/iti embedded system fundamentals training/01- es full diploma-20230730t125517z-001/01- es full diploma/02-imt_sdk/winavr/bin/../lib/gcc/avr/4.3.3/avr5\libgcc.a(_addsub_sf.o) (__pack_f)
h:/iti embedded system fundamentals training/01- es full diploma-20230730t125517z-001/01- es full diploma/02-imt_sdk/winavr/bin/../lib/gcc/avr/4.3.3/avr5\libgcc.a(_unpack_sf.o)
                              h:/iti embedded system fundamentals training/01- es full diploma-20230730t125517z-001/01- es full diploma/02-imt_sdk/winavr/bin/../lib/gcc/avr/4.3.3/avr5\libgcc.a(_addsub_sf.o) (__unpack_f)
h:/iti embedded system fundamentals training/01- es full diploma-20230730t125517z-001/01- es full diploma/02-imt_sdk/winavr/bin/../lib/gcc/avr/4.3.3/avr5\libgcc.a(_fpcmp_parts_sf.o)
                              h:/iti embedded system fundamentals training/01- es full diploma-20230730t125517z-001/01- es full diploma/02-imt_sdk/winavr/bin/../lib/gcc/avr/4.3.3/avr5\libgcc.a(_gt_sf.o) (__fpcmp_parts_f)

Allocating common symbols
Common symbol       size              file

TempValue           0x2               ./AC_TempSens.o
Local_DigitaValue_LDR
                    0x2               ./AC_TempSens.o
Local_DigitaValue   0x2               ./AC_TempSens.o
Local_AnalogValue   0x2               ./AC_TempSens.o

Memory Configuration

Name             Origin             Length             Attributes
text             0x00000000         0x00020000         xr
data             0x00800060         0x0000ffa0         rw !x
eeprom           0x00810000         0x00010000         rw !x
fuse             0x00820000         0x00000400         rw !x
lock             0x00830000         0x00000400         rw !x
signature        0x00840000         0x00000400         rw !x
*default*        0x00000000         0xffffffff

Linker script and memory map

LOAD h:/iti embedded system fundamentals training/01- es full diploma-20230730t125517z-001/01- es full diploma/02-imt_sdk/winavr/bin/../lib/gcc/avr/4.3.3/../../../../avr/lib/avr5/crtm32.o
LOAD ./AC_TempSens.o
LOAD ./ADC.o
LOAD ./DIO_Prg.o
LOAD ./LCD.o
LOAD ./UART.o
LOAD ./UART_PROJ.o
LOAD ./main.o
LOAD h:/iti embedded system fundamentals training/01- es full diploma-20230730t125517z-001/01- es full diploma/02-imt_sdk/winavr/bin/../lib/gcc/avr/4.3.3/avr5\libgcc.a
LOAD h:/iti embedded system fundamentals training/01- es full diploma-20230730t125517z-001/01- es full diploma/02-imt_sdk/winavr/bin/../lib/gcc/avr/4.3.3/../../../../avr/lib/avr5\libc.a
LOAD h:/iti embedded system fundamentals training/01- es full diploma-20230730t125517z-001/01- es full diploma/02-imt_sdk/winavr/bin/../lib/gcc/avr/4.3.3/avr5\libgcc.a

.hash
 *(.hash)

.dynsym
 *(.dynsym)

.dynstr
 *(.dynstr)

.gnu.version
 *(.gnu.version)

.gnu.version_d
 *(.gnu.version_d)

.gnu.version_r
 *(.gnu.version_r)

.rel.init
 *(.rel.init)

.rela.init
 *(.rela.init)

.rel.text
 *(.rel.text)
 *(.rel.text.*)
 *(.rel.gnu.linkonce.t*)

.rela.text
 *(.rela.text)
 *(.rela.text.*)
 *(.rela.gnu.linkonce.t*)

.rel.fini
 *(.rel.fini)

.rela.fini
 *(.rela.fini)

.rel.rodata
 *(.rel.rodata)
 *(.rel.rodata.*)
 *(.rel.gnu.linkonce.r*)

.rela.rodata
 *(.rela.rodata)
 *(.rela.rodata.*)
 *(.rela.gnu.linkonce.r*)

.rel.data
 *(.rel.data)
 *(.rel.data.*)
 *(.rel.gnu.linkonce.d*)

.rela.data
 *(.rela.data)
 *(.rela.data.*)
 *(.rela.gnu.linkonce.d*)

.rel.ctors
 *(.rel.ctors)

.rela.ctors
 *(.rela.ctors)

.rel.dtors
 *(.rel.dtors)

.rela.dtors
 *(.rela.dtors)

.rel.got
 *(.rel.got)

.rela.got
 *(.rela.got)

.rel.bss
 *(.rel.bss)

.rela.bss
 *(.rela.bss)

.rel.plt
 *(.rel.plt)

.rela.plt
 *(.rela.plt)

.text           0x00000000     0x2598
 *(.vectors)
 .vectors       0x00000000       0x54 h:/iti embedded system fundamentals training/01- es full diploma-20230730t125517z-001/01- es full diploma/02-imt_sdk/winavr/bin/../lib/gcc/avr/4.3.3/../../../../avr/lib/avr5/crtm32.o
                0x00000000                __vectors
                0x00000000                __vector_default
 *(.vectors)
 *(.progmem.gcc*)
 *(.progmem*)
                0x00000054                . = ALIGN (0x2)
                0x00000054                __trampolines_start = .
 *(.trampolines)
 .trampolines   0x00000054        0x0 linker stubs
 *(.trampolines*)
                0x00000054                __trampolines_end = .
 *(.jumptables)
 *(.jumptables*)
 *(.lowtext)
 *(.lowtext*)
                0x00000054                __ctors_start = .
 *(.ctors)
                0x00000054                __ctors_end = .
                0x00000054                __dtors_start = .
 *(.dtors)
                0x00000054                __dtors_end = .
 SORT(*)(.ctors)
 SORT(*)(.dtors)
 *(.init0)
 .init0         0x00000054        0x0 h:/iti embedded system fundamentals training/01- es full diploma-20230730t125517z-001/01- es full diploma/02-imt_sdk/winavr/bin/../lib/gcc/avr/4.3.3/../../../../avr/lib/avr5/crtm32.o
                0x00000054                __init
 *(.init0)
 *(.init1)
 *(.init1)
 *(.init2)
 .init2         0x00000054        0xc h:/iti embedded system fundamentals training/01- es full diploma-20230730t125517z-001/01- es full diploma/02-imt_sdk/winavr/bin/../lib/gcc/avr/4.3.3/../../../../avr/lib/avr5/crtm32.o
 *(.init2)
 *(.init3)
 *(.init3)
 *(.init4)
 .init4         0x00000060       0x16 h:/iti embedded system fundamentals training/01- es full diploma-20230730t125517z-001/01- es full diploma/02-imt_sdk/winavr/bin/../lib/gcc/avr/4.3.3/avr5\libgcc.a(_copy_data.o)
                0x00000060                __do_copy_data
 .init4         0x00000076       0x10 h:/iti embedded system fundamentals training/01- es full diploma-20230730t125517z-001/01- es full diploma/02-imt_sdk/winavr/bin/../lib/gcc/avr/4.3.3/avr5\libgcc.a(_clear_bss.o)
                0x00000076                __do_clear_bss
 *(.init4)
 *(.init5)
 *(.init5)
 *(.init6)
 *(.init6)
 *(.init7)
 *(.init7)
 *(.init8)
 *(.init8)
 *(.init9)
 .init9         0x00000086        0x8 h:/iti embedded system fundamentals training/01- es full diploma-20230730t125517z-001/01- es full diploma/02-imt_sdk/winavr/bin/../lib/gcc/avr/4.3.3/../../../../avr/lib/avr5/crtm32.o
 *(.init9)
 *(.text)
 .text          0x0000008e        0x4 h:/iti embedded system fundamentals training/01- es full diploma-20230730t125517z-001/01- es full diploma/02-imt_sdk/winavr/bin/../lib/gcc/avr/4.3.3/../../../../avr/lib/avr5/crtm32.o
                0x0000008e                __vector_1
                0x0000008e                __vector_12
                0x0000008e                __bad_interrupt
                0x0000008e                __vector_6
                0x0000008e                __vector_3
                0x0000008e                __vector_11
                0x0000008e                __vector_13
                0x0000008e                __vector_17
                0x0000008e                __vector_19
                0x0000008e                __vector_7
                0x0000008e                __vector_5
                0x0000008e                __vector_4
                0x0000008e                __vector_9
                0x0000008e                __vector_2
                0x0000008e                __vector_15
                0x0000008e                __vector_8
                0x0000008e                __vector_14
                0x0000008e                __vector_10
                0x0000008e                __vector_16
                0x0000008e                __vector_18
                0x0000008e                __vector_20
 .text          0x00000092        0x0 ./AC_TempSens.o
 .text          0x00000092        0x0 ./ADC.o
 .text          0x00000092        0x0 ./DIO_Prg.o
 .text          0x00000092        0x0 ./LCD.o
 .text          0x00000092        0x0 ./UART.o
 .text          0x00000092        0x0 ./UART_PROJ.o
 .text          0x00000092        0x0 ./main.o
 .text          0x00000092        0x0 h:/iti embedded system fundamentals training/01- es full diploma-20230730t125517z-001/01- es full diploma/02-imt_sdk/winavr/bin/../lib/gcc/avr/4.3.3/avr5\libgcc.a(_mulsi3.o)
 .text          0x00000092        0x0 h:/iti embedded system fundamentals training/01- es full diploma-20230730t125517z-001/01- es full diploma/02-imt_sdk/winavr/bin/../lib/gcc/avr/4.3.3/avr5\libgcc.a(_udivmodhi4.o)
 .text          0x00000092        0x0 h:/iti embedded system fundamentals training/01- es full diploma-20230730t125517z-001/01- es full diploma/02-imt_sdk/winavr/bin/../lib/gcc/avr/4.3.3/avr5\libgcc.a(_udivmodsi4.o)
 .text          0x00000092        0x0 h:/iti embedded system fundamentals training/01- es full diploma-20230730t125517z-001/01- es full diploma/02-imt_sdk/winavr/bin/../lib/gcc/avr/4.3.3/avr5\libgcc.a(_exit.o)
 .text          0x00000092        0x0 h:/iti embedded system fundamentals training/01- es full diploma-20230730t125517z-001/01- es full diploma/02-imt_sdk/winavr/bin/../lib/gcc/avr/4.3.3/avr5\libgcc.a(_copy_data.o)
 .text          0x00000092        0x0 h:/iti embedded system fundamentals training/01- es full diploma-20230730t125517z-001/01- es full diploma/02-imt_sdk/winavr/bin/../lib/gcc/avr/4.3.3/avr5\libgcc.a(_clear_bss.o)
 .text          0x00000092       0x58 h:/iti embedded system fundamentals training/01- es full diploma-20230730t125517z-001/01- es full diploma/02-imt_sdk/winavr/bin/../lib/gcc/avr/4.3.3/avr5\libgcc.a(_fixunssfsi.o)
                0x00000092                __fixunssfsi
 .text          0x000000ea      0x354 h:/iti embedded system fundamentals training/01- es full diploma-20230730t125517z-001/01- es full diploma/02-imt_sdk/winavr/bin/../lib/gcc/avr/4.3.3/avr5\libgcc.a(_addsub_sf.o)
                0x00000382                __subsf3
                0x000003e4                __addsf3
 .text          0x0000043e      0x1f4 h:/iti embedded system fundamentals training/01- es full diploma-20230730t125517z-001/01- es full diploma/02-imt_sdk/winavr/bin/../lib/gcc/avr/4.3.3/avr5\libgcc.a(_mul_sf.o)
                0x0000043e                __mulsf3
 .text          0x00000632       0x60 h:/iti embedded system fundamentals training/01- es full diploma-20230730t125517z-001/01- es full diploma/02-imt_sdk/winavr/bin/../lib/gcc/avr/4.3.3/avr5\libgcc.a(_gt_sf.o)
                0x00000632                __gtsf2
 .text          0x00000692       0x60 h:/iti embedded system fundamentals training/01- es full diploma-20230730t125517z-001/01- es full diploma/02-imt_sdk/winavr/bin/../lib/gcc/avr/4.3.3/avr5\libgcc.a(_ge_sf.o)
                0x00000692                __gesf2
 .text          0x000006f2       0x60 h:/iti embedded system fundamentals training/01- es full diploma-20230730t125517z-001/01- es full diploma/02-imt_sdk/winavr/bin/../lib/gcc/avr/4.3.3/avr5\libgcc.a(_lt_sf.o)
                0x000006f2                __ltsf2
 .text          0x00000752       0xa8 h:/iti embedded system fundamentals training/01- es full diploma-20230730t125517z-001/01- es full diploma/02-imt_sdk/winavr/bin/../lib/gcc/avr/4.3.3/avr5\libgcc.a(_sf_to_si.o)
                0x00000752                __fixsfsi
 .text          0x000007fa        0x0 h:/iti embedded system fundamentals training/01- es full diploma-20230730t125517z-001/01- es full diploma/02-imt_sdk/winavr/bin/../lib/gcc/avr/4.3.3/avr5\libgcc.a(_thenan_sf.o)
 .text          0x000007fa        0x0 h:/iti embedded system fundamentals training/01- es full diploma-20230730t125517z-001/01- es full diploma/02-imt_sdk/winavr/bin/../lib/gcc/avr/4.3.3/avr5\libgcc.a(_prologue.o)
 .text          0x000007fa        0x0 h:/iti embedded system fundamentals training/01- es full diploma-20230730t125517z-001/01- es full diploma/02-imt_sdk/winavr/bin/../lib/gcc/avr/4.3.3/avr5\libgcc.a(_epilogue.o)
 .text          0x000007fa      0x1aa h:/iti embedded system fundamentals training/01- es full diploma-20230730t125517z-001/01- es full diploma/02-imt_sdk/winavr/bin/../lib/gcc/avr/4.3.3/avr5\libgcc.a(_pack_sf.o)
                0x000007fa                __pack_f
 .text          0x000009a4       0xf0 h:/iti embedded system fundamentals training/01- es full diploma-20230730t125517z-001/01- es full diploma/02-imt_sdk/winavr/bin/../lib/gcc/avr/4.3.3/avr5\libgcc.a(_unpack_sf.o)
                0x000009a4                __unpack_f
 .text          0x00000a94       0xb2 h:/iti embedded system fundamentals training/01- es full diploma-20230730t125517z-001/01- es full diploma/02-imt_sdk/winavr/bin/../lib/gcc/avr/4.3.3/avr5\libgcc.a(_fpcmp_parts_sf.o)
                0x00000a94                __fpcmp_parts_f
                0x00000b46                . = ALIGN (0x2)
 *(.text.*)
 .text.Ac_Control
                0x00000b46      0x2b8 ./AC_TempSens.o
                0x00000b46                Ac_Control
 .text.Ldr_Control
                0x00000dfe      0x222 ./AC_TempSens.o
                0x00000dfe                Ldr_Control
 .text.ADC_VidInit
                0x00001020       0x7e ./ADC.o
                0x00001020                ADC_VidInit
 .text.ADC_U16GetDigitalValue
                0x0000109e       0x6c ./ADC.o
                0x0000109e                ADC_U16GetDigitalValue
 .text.DIO_VidSetPinDirection
                0x0000110a      0x200 ./DIO_Prg.o
                0x0000110a                DIO_VidSetPinDirection
 .text.DIO_VidSetPinValue
                0x0000130a      0x200 ./DIO_Prg.o
                0x0000130a                DIO_VidSetPinValue
 .text.DIO_U8GetPinValue
                0x0000150a       0xf4 ./DIO_Prg.o
                0x0000150a                DIO_U8GetPinValue
 .text.DIO_VidSetPortValue
                0x000015fe       0x82 ./DIO_Prg.o
                0x000015fe                DIO_VidSetPortValue
 .text.DIO_VidSetPortDirection
                0x00001680       0x82 ./DIO_Prg.o
                0x00001680                DIO_VidSetPortDirection
 .text.DIO_VidToggelPinValue
                0x00001702       0xfa ./DIO_Prg.o
                0x00001702                DIO_VidToggelPinValue
 .text.LCD_VidSendCMD
                0x000017fc      0x13c ./LCD.o
                0x000017fc                LCD_VidSendCMD
 .text.LCD_VidSendData
                0x00001938      0x13c ./LCD.o
                0x00001938                LCD_VidSendData
 .text.LCD_VidSendString
                0x00001a74       0x52 ./LCD.o
                0x00001a74                LCD_VidSendString
 .text.LCD_VidInit
                0x00001ac6      0x3ee ./LCD.o
                0x00001ac6                LCD_VidInit
 .text.LCD_VidCLR
                0x00001eb4      0x110 ./LCD.o
                0x00001eb4                LCD_VidCLR
 .text.LCD_VidSendNumber
                0x00001fc4      0x152 ./LCD.o
                0x00001fc4                LCD_VidSendNumber
 .text.LCD_VidSendNumberPos
                0x00002116       0x44 ./LCD.o
                0x00002116                LCD_VidSendNumberPos
 .text.LCD_VidSetCursorPos
                0x0000215a       0x56 ./LCD.o
                0x0000215a                LCD_VidSetCursorPos
 .text.LCD_VidSendCharPos
                0x000021b0       0x2c ./LCD.o
                0x000021b0                LCD_VidSendCharPos
 .text.LCD_VidSendStringPos
                0x000021dc       0x32 ./LCD.o
                0x000021dc                LCD_VidSendStringPos
 .text.UART_VidInit
                0x0000220e       0xca ./UART.o
                0x0000220e                UART_VidInit
 .text.UART_VidSendData
                0x000022d8       0x38 ./UART.o
                0x000022d8                UART_VidSendData
 .text.UART_VidReciveData
                0x00002310       0x1e ./UART.o
                0x00002310                UART_VidReciveData
 .text.UART_VidSend_String
                0x0000232e       0x56 ./UART.o
                0x0000232e                UART_VidSend_String
 .text.control  0x00002384       0xe2 ./UART_PROJ.o
                0x00002384                control
 .text.main     0x00002466       0x16 ./main.o
                0x00002466                main
 .text.libgcc   0x0000247c       0x3e h:/iti embedded system fundamentals training/01- es full diploma-20230730t125517z-001/01- es full diploma/02-imt_sdk/winavr/bin/../lib/gcc/avr/4.3.3/avr5\libgcc.a(_mulsi3.o)
                0x0000247c                __mulsi3
 .text.libgcc   0x000024ba       0x28 h:/iti embedded system fundamentals training/01- es full diploma-20230730t125517z-001/01- es full diploma/02-imt_sdk/winavr/bin/../lib/gcc/avr/4.3.3/avr5\libgcc.a(_udivmodhi4.o)
                0x000024ba                __udivmodhi4
 .text.libgcc   0x000024e2       0x44 h:/iti embedded system fundamentals training/01- es full diploma-20230730t125517z-001/01- es full diploma/02-imt_sdk/winavr/bin/../lib/gcc/avr/4.3.3/avr5\libgcc.a(_udivmodsi4.o)
                0x000024e2                __udivmodsi4
 .text.libgcc   0x00002526        0x0 h:/iti embedded system fundamentals training/01- es full diploma-20230730t125517z-001/01- es full diploma/02-imt_sdk/winavr/bin/../lib/gcc/avr/4.3.3/avr5\libgcc.a(_exit.o)
 .text.libgcc   0x00002526        0x0 h:/iti embedded system fundamentals training/01- es full diploma-20230730t125517z-001/01- es full diploma/02-imt_sdk/winavr/bin/../lib/gcc/avr/4.3.3/avr5\libgcc.a(_copy_data.o)
 .text.libgcc   0x00002526        0x0 h:/iti embedded system fundamentals training/01- es full diploma-20230730t125517z-001/01- es full diploma/02-imt_sdk/winavr/bin/../lib/gcc/avr/4.3.3/avr5\libgcc.a(_clear_bss.o)
 .text.libgcc   0x00002526       0x38 h:/iti embedded system fundamentals training/01- es full diploma-20230730t125517z-001/01- es full diploma/02-imt_sdk/winavr/bin/../lib/gcc/avr/4.3.3/avr5\libgcc.a(_prologue.o)
                0x00002526                __prologue_saves__
 .text.libgcc   0x0000255e       0x36 h:/iti embedded system fundamentals training/01- es full diploma-20230730t125517z-001/01- es full diploma/02-imt_sdk/winavr/bin/../lib/gcc/avr/4.3.3/avr5\libgcc.a(_epilogue.o)
                0x0000255e                __epilogue_restores__
                0x00002594                . = ALIGN (0x2)
 *(.fini9)
 .fini9         0x00002594        0x0 h:/iti embedded system fundamentals training/01- es full diploma-20230730t125517z-001/01- es full diploma/02-imt_sdk/winavr/bin/../lib/gcc/avr/4.3.3/avr5\libgcc.a(_exit.o)
                0x00002594                exit
                0x00002594                _exit
 *(.fini9)
 *(.fini8)
 *(.fini8)
 *(.fini7)
 *(.fini7)
 *(.fini6)
 *(.fini6)
 *(.fini5)
 *(.fini5)
 *(.fini4)
 *(.fini4)
 *(.fini3)
 *(.fini3)
 *(.fini2)
 *(.fini2)
 *(.fini1)
 *(.fini1)
 *(.fini0)
 .fini0         0x00002594        0x4 h:/iti embedded system fundamentals training/01- es full diploma-20230730t125517z-001/01- es full diploma/02-imt_sdk/winavr/bin/../lib/gcc/avr/4.3.3/avr5\libgcc.a(_exit.o)
 *(.fini0)
                0x00002598                _etext = .

.data           0x00800060       0x24 load address 0x00002598
                0x00800060                PROVIDE (__data_start, .)
 *(.data)
 .data          0x00800060        0x0 h:/iti embedded system fundamentals training/01- es full diploma-20230730t125517z-001/01- es full diploma/02-imt_sdk/winavr/bin/../lib/gcc/avr/4.3.3/../../../../avr/lib/avr5/crtm32.o
 .data          0x00800060        0xb ./AC_TempSens.o
 .data          0x0080006b        0x0 ./ADC.o
 .data          0x0080006b        0x0 ./DIO_Prg.o
 .data          0x0080006b        0x0 ./LCD.o
 .data          0x0080006b        0x0 ./UART.o
 .data          0x0080006b        0xf ./UART_PROJ.o
 .data          0x0080007a        0x0 ./main.o
 .data          0x0080007a        0x0 h:/iti embedded system fundamentals training/01- es full diploma-20230730t125517z-001/01- es full diploma/02-imt_sdk/winavr/bin/../lib/gcc/avr/4.3.3/avr5\libgcc.a(_mulsi3.o)
 .data          0x0080007a        0x0 h:/iti embedded system fundamentals training/01- es full diploma-20230730t125517z-001/01- es full diploma/02-imt_sdk/winavr/bin/../lib/gcc/avr/4.3.3/avr5\libgcc.a(_udivmodhi4.o)
 .data          0x0080007a        0x0 h:/iti embedded system fundamentals training/01- es full diploma-20230730t125517z-001/01- es full diploma/02-imt_sdk/winavr/bin/../lib/gcc/avr/4.3.3/avr5\libgcc.a(_udivmodsi4.o)
 .data          0x0080007a        0x0 h:/iti embedded system fundamentals training/01- es full diploma-20230730t125517z-001/01- es full diploma/02-imt_sdk/winavr/bin/../lib/gcc/avr/4.3.3/avr5\libgcc.a(_exit.o)
 .data          0x0080007a        0x0 h:/iti embedded system fundamentals training/01- es full diploma-20230730t125517z-001/01- es full diploma/02-imt_sdk/winavr/bin/../lib/gcc/avr/4.3.3/avr5\libgcc.a(_copy_data.o)
 .data          0x0080007a        0x0 h:/iti embedded system fundamentals training/01- es full diploma-20230730t125517z-001/01- es full diploma/02-imt_sdk/winavr/bin/../lib/gcc/avr/4.3.3/avr5\libgcc.a(_clear_bss.o)
 .data          0x0080007a        0x0 h:/iti embedded system fundamentals training/01- es full diploma-20230730t125517z-001/01- es full diploma/02-imt_sdk/winavr/bin/../lib/gcc/avr/4.3.3/avr5\libgcc.a(_fixunssfsi.o)
 .data          0x0080007a        0x0 h:/iti embedded system fundamentals training/01- es full diploma-20230730t125517z-001/01- es full diploma/02-imt_sdk/winavr/bin/../lib/gcc/avr/4.3.3/avr5\libgcc.a(_addsub_sf.o)
 .data          0x0080007a        0x0 h:/iti embedded system fundamentals training/01- es full diploma-20230730t125517z-001/01- es full diploma/02-imt_sdk/winavr/bin/../lib/gcc/avr/4.3.3/avr5\libgcc.a(_mul_sf.o)
 .data          0x0080007a        0x0 h:/iti embedded system fundamentals training/01- es full diploma-20230730t125517z-001/01- es full diploma/02-imt_sdk/winavr/bin/../lib/gcc/avr/4.3.3/avr5\libgcc.a(_gt_sf.o)
 .data          0x0080007a        0x0 h:/iti embedded system fundamentals training/01- es full diploma-20230730t125517z-001/01- es full diploma/02-imt_sdk/winavr/bin/../lib/gcc/avr/4.3.3/avr5\libgcc.a(_ge_sf.o)
 .data          0x0080007a        0x0 h:/iti embedded system fundamentals training/01- es full diploma-20230730t125517z-001/01- es full diploma/02-imt_sdk/winavr/bin/../lib/gcc/avr/4.3.3/avr5\libgcc.a(_lt_sf.o)
 .data          0x0080007a        0x0 h:/iti embedded system fundamentals training/01- es full diploma-20230730t125517z-001/01- es full diploma/02-imt_sdk/winavr/bin/../lib/gcc/avr/4.3.3/avr5\libgcc.a(_sf_to_si.o)
 .data          0x0080007a        0x8 h:/iti embedded system fundamentals training/01- es full diploma-20230730t125517z-001/01- es full diploma/02-imt_sdk/winavr/bin/../lib/gcc/avr/4.3.3/avr5\libgcc.a(_thenan_sf.o)
                0x0080007a                __thenan_sf
 .data          0x00800082        0x0 h:/iti embedded system fundamentals training/01- es full diploma-20230730t125517z-001/01- es full diploma/02-imt_sdk/winavr/bin/../lib/gcc/avr/4.3.3/avr5\libgcc.a(_prologue.o)
 .data          0x00800082        0x0 h:/iti embedded system fundamentals training/01- es full diploma-20230730t125517z-001/01- es full diploma/02-imt_sdk/winavr/bin/../lib/gcc/avr/4.3.3/avr5\libgcc.a(_epilogue.o)
 .data          0x00800082        0x0 h:/iti embedded system fundamentals training/01- es full diploma-20230730t125517z-001/01- es full diploma/02-imt_sdk/winavr/bin/../lib/gcc/avr/4.3.3/avr5\libgcc.a(_pack_sf.o)
 .data          0x00800082        0x0 h:/iti embedded system fundamentals training/01- es full diploma-20230730t125517z-001/01- es full diploma/02-imt_sdk/winavr/bin/../lib/gcc/avr/4.3.3/avr5\libgcc.a(_unpack_sf.o)
 .data          0x00800082        0x0 h:/iti embedded system fundamentals training/01- es full diploma-20230730t125517z-001/01- es full diploma/02-imt_sdk/winavr/bin/../lib/gcc/avr/4.3.3/avr5\libgcc.a(_fpcmp_parts_sf.o)
 *(.data*)
 .data.Local_Data_UART
                0x00800082        0x1 ./UART_PROJ.o
                0x00800082                Local_Data_UART
 *(.rodata)
 *(.rodata*)
 *(.gnu.linkonce.d*)
                0x00800084                . = ALIGN (0x2)
 *fill*         0x00800083        0x1 00
                0x00800084                _edata = .
                0x00800084                PROVIDE (__data_end, .)

.bss            0x00800084        0x8
                0x00800084                PROVIDE (__bss_start, .)
 *(.bss)
 .bss           0x00800084        0x0 h:/iti embedded system fundamentals training/01- es full diploma-20230730t125517z-001/01- es full diploma/02-imt_sdk/winavr/bin/../lib/gcc/avr/4.3.3/../../../../avr/lib/avr5/crtm32.o
 .bss           0x00800084        0x0 ./AC_TempSens.o
 .bss           0x00800084        0x0 ./ADC.o
 .bss           0x00800084        0x0 ./DIO_Prg.o
 .bss           0x00800084        0x0 ./LCD.o
 .bss           0x00800084        0x0 ./UART.o
 .bss           0x00800084        0x0 ./UART_PROJ.o
 .bss           0x00800084        0x0 ./main.o
 .bss           0x00800084        0x0 h:/iti embedded system fundamentals training/01- es full diploma-20230730t125517z-001/01- es full diploma/02-imt_sdk/winavr/bin/../lib/gcc/avr/4.3.3/avr5\libgcc.a(_mulsi3.o)
 .bss           0x00800084        0x0 h:/iti embedded system fundamentals training/01- es full diploma-20230730t125517z-001/01- es full diploma/02-imt_sdk/winavr/bin/../lib/gcc/avr/4.3.3/avr5\libgcc.a(_udivmodhi4.o)
 .bss           0x00800084        0x0 h:/iti embedded system fundamentals training/01- es full diploma-20230730t125517z-001/01- es full diploma/02-imt_sdk/winavr/bin/../lib/gcc/avr/4.3.3/avr5\libgcc.a(_udivmodsi4.o)
 .bss           0x00800084        0x0 h:/iti embedded system fundamentals training/01- es full diploma-20230730t125517z-001/01- es full diploma/02-imt_sdk/winavr/bin/../lib/gcc/avr/4.3.3/avr5\libgcc.a(_exit.o)
 .bss           0x00800084        0x0 h:/iti embedded system fundamentals training/01- es full diploma-20230730t125517z-001/01- es full diploma/02-imt_sdk/winavr/bin/../lib/gcc/avr/4.3.3/avr5\libgcc.a(_copy_data.o)
 .bss           0x00800084        0x0 h:/iti embedded system fundamentals training/01- es full diploma-20230730t125517z-001/01- es full diploma/02-imt_sdk/winavr/bin/../lib/gcc/avr/4.3.3/avr5\libgcc.a(_clear_bss.o)
 .bss           0x00800084        0x0 h:/iti embedded system fundamentals training/01- es full diploma-20230730t125517z-001/01- es full diploma/02-imt_sdk/winavr/bin/../lib/gcc/avr/4.3.3/avr5\libgcc.a(_fixunssfsi.o)
 .bss           0x00800084        0x0 h:/iti embedded system fundamentals training/01- es full diploma-20230730t125517z-001/01- es full diploma/02-imt_sdk/winavr/bin/../lib/gcc/avr/4.3.3/avr5\libgcc.a(_addsub_sf.o)
 .bss           0x00800084        0x0 h:/iti embedded system fundamentals training/01- es full diploma-20230730t125517z-001/01- es full diploma/02-imt_sdk/winavr/bin/../lib/gcc/avr/4.3.3/avr5\libgcc.a(_mul_sf.o)
 .bss           0x00800084        0x0 h:/iti embedded system fundamentals training/01- es full diploma-20230730t125517z-001/01- es full diploma/02-imt_sdk/winavr/bin/../lib/gcc/avr/4.3.3/avr5\libgcc.a(_gt_sf.o)
 .bss           0x00800084        0x0 h:/iti embedded system fundamentals training/01- es full diploma-20230730t125517z-001/01- es full diploma/02-imt_sdk/winavr/bin/../lib/gcc/avr/4.3.3/avr5\libgcc.a(_ge_sf.o)
 .bss           0x00800084        0x0 h:/iti embedded system fundamentals training/01- es full diploma-20230730t125517z-001/01- es full diploma/02-imt_sdk/winavr/bin/../lib/gcc/avr/4.3.3/avr5\libgcc.a(_lt_sf.o)
 .bss           0x00800084        0x0 h:/iti embedded system fundamentals training/01- es full diploma-20230730t125517z-001/01- es full diploma/02-imt_sdk/winavr/bin/../lib/gcc/avr/4.3.3/avr5\libgcc.a(_sf_to_si.o)
 .bss           0x00800084        0x0 h:/iti embedded system fundamentals training/01- es full diploma-20230730t125517z-001/01- es full diploma/02-imt_sdk/winavr/bin/../lib/gcc/avr/4.3.3/avr5\libgcc.a(_thenan_sf.o)
 .bss           0x00800084        0x0 h:/iti embedded system fundamentals training/01- es full diploma-20230730t125517z-001/01- es full diploma/02-imt_sdk/winavr/bin/../lib/gcc/avr/4.3.3/avr5\libgcc.a(_prologue.o)
 .bss           0x00800084        0x0 h:/iti embedded system fundamentals training/01- es full diploma-20230730t125517z-001/01- es full diploma/02-imt_sdk/winavr/bin/../lib/gcc/avr/4.3.3/avr5\libgcc.a(_epilogue.o)
 .bss           0x00800084        0x0 h:/iti embedded system fundamentals training/01- es full diploma-20230730t125517z-001/01- es full diploma/02-imt_sdk/winavr/bin/../lib/gcc/avr/4.3.3/avr5\libgcc.a(_pack_sf.o)
 .bss           0x00800084        0x0 h:/iti embedded system fundamentals training/01- es full diploma-20230730t125517z-001/01- es full diploma/02-imt_sdk/winavr/bin/../lib/gcc/avr/4.3.3/avr5\libgcc.a(_unpack_sf.o)
 .bss           0x00800084        0x0 h:/iti embedded system fundamentals training/01- es full diploma-20230730t125517z-001/01- es full diploma/02-imt_sdk/winavr/bin/../lib/gcc/avr/4.3.3/avr5\libgcc.a(_fpcmp_parts_sf.o)
 *(.bss*)
 *(COMMON)
 COMMON         0x00800084        0x8 ./AC_TempSens.o
                0x00800084                TempValue
                0x00800086                Local_DigitaValue_LDR
                0x00800088                Local_DigitaValue
                0x0080008a                Local_AnalogValue
                0x0080008c                PROVIDE (__bss_end, .)
                0x00002598                __data_load_start = LOADADDR (.data)
                0x000025bc                __data_load_end = (__data_load_start + SIZEOF (.data))

.noinit         0x0080008c        0x0
                0x0080008c                PROVIDE (__noinit_start, .)
 *(.noinit*)
                0x0080008c                PROVIDE (__noinit_end, .)
                0x0080008c                _end = .
                0x0080008c                PROVIDE (__heap_start, .)

.eeprom         0x00810000        0x0
 *(.eeprom*)
                0x00810000                __eeprom_end = .

.fuse
 *(.fuse)
 *(.lfuse)
 *(.hfuse)
 *(.efuse)

.lock
 *(.lock*)

.signature
 *(.signature*)

.stab           0x00000000     0x201c
 *(.stab)
 .stab          0x00000000      0x780 ./AC_TempSens.o
 .stab          0x00000780      0x240 ./ADC.o
                                0x48c (size before relaxing)
 .stab          0x000009c0      0x4ec ./DIO_Prg.o
                                0x738 (size before relaxing)
 .stab          0x00000eac      0xa80 ./LCD.o
                                0xccc (size before relaxing)
 .stab          0x0000192c      0x330 ./UART.o
                                0x57c (size before relaxing)
 .stab          0x00001c5c      0x264 ./UART_PROJ.o
                                0x4b0 (size before relaxing)
 .stab          0x00001ec0      0x15c ./main.o
                                0x3a8 (size before relaxing)

.stabstr        0x00000000      0xff3
 *(.stabstr)
 .stabstr       0x00000000      0xff3 ./AC_TempSens.o

.stab.excl
 *(.stab.excl)

.stab.exclstr
 *(.stab.exclstr)

.stab.index
 *(.stab.index)

.stab.indexstr
 *(.stab.indexstr)

.comment
 *(.comment)

.debug
 *(.debug)

.line
 *(.line)

.debug_srcinfo
 *(.debug_srcinfo)

.debug_sfnames
 *(.debug_sfnames)

.debug_aranges  0x00000000      0x140
 *(.debug_aranges)
 .debug_aranges
                0x00000000       0x20 h:/iti embedded system fundamentals training/01- es full diploma-20230730t125517z-001/01- es full diploma/02-imt_sdk/winavr/bin/../lib/gcc/avr/4.3.3/avr5\libgcc.a(_fixunssfsi.o)
 .debug_aranges
                0x00000020       0x20 h:/iti embedded system fundamentals training/01- es full diploma-20230730t125517z-001/01- es full diploma/02-imt_sdk/winavr/bin/../lib/gcc/avr/4.3.3/avr5\libgcc.a(_addsub_sf.o)
 .debug_aranges
                0x00000040       0x20 h:/iti embedded system fundamentals training/01- es full diploma-20230730t125517z-001/01- es full diploma/02-imt_sdk/winavr/bin/../lib/gcc/avr/4.3.3/avr5\libgcc.a(_mul_sf.o)
 .debug_aranges
                0x00000060       0x20 h:/iti embedded system fundamentals training/01- es full diploma-20230730t125517z-001/01- es full diploma/02-imt_sdk/winavr/bin/../lib/gcc/avr/4.3.3/avr5\libgcc.a(_gt_sf.o)
 .debug_aranges
                0x00000080       0x20 h:/iti embedded system fundamentals training/01- es full diploma-20230730t125517z-001/01- es full diploma/02-imt_sdk/winavr/bin/../lib/gcc/avr/4.3.3/avr5\libgcc.a(_ge_sf.o)
 .debug_aranges
                0x000000a0       0x20 h:/iti embedded system fundamentals training/01- es full diploma-20230730t125517z-001/01- es full diploma/02-imt_sdk/winavr/bin/../lib/gcc/avr/4.3.3/avr5\libgcc.a(_lt_sf.o)
 .debug_aranges
                0x000000c0       0x20 h:/iti embedded system fundamentals training/01- es full diploma-20230730t125517z-001/01- es full diploma/02-imt_sdk/winavr/bin/../lib/gcc/avr/4.3.3/avr5\libgcc.a(_sf_to_si.o)
 .debug_aranges
                0x000000e0       0x20 h:/iti embedded system fundamentals training/01- es full diploma-20230730t125517z-001/01- es full diploma/02-imt_sdk/winavr/bin/../lib/gcc/avr/4.3.3/avr5\libgcc.a(_pack_sf.o)
 .debug_aranges
                0x00000100       0x20 h:/iti embedded system fundamentals training/01- es full diploma-20230730t125517z-001/01- es full diploma/02-imt_sdk/winavr/bin/../lib/gcc/avr/4.3.3/avr5\libgcc.a(_unpack_sf.o)
 .debug_aranges
                0x00000120       0x20 h:/iti embedded system fundamentals training/01- es full diploma-20230730t125517z-001/01- es full diploma/02-imt_sdk/winavr/bin/../lib/gcc/avr/4.3.3/avr5\libgcc.a(_fpcmp_parts_sf.o)

.debug_pubnames
                0x00000000      0x170
 *(.debug_pubnames)
 .debug_pubnames
                0x00000000       0x23 h:/iti embedded system fundamentals training/01- es full diploma-20230730t125517z-001/01- es full diploma/02-imt_sdk/winavr/bin/../lib/gcc/avr/4.3.3/avr5\libgcc.a(_fixunssfsi.o)
 .debug_pubnames
                0x00000023       0x2c h:/iti embedded system fundamentals training/01- es full diploma-20230730t125517z-001/01- es full diploma/02-imt_sdk/winavr/bin/../lib/gcc/avr/4.3.3/avr5\libgcc.a(_addsub_sf.o)
 .debug_pubnames
                0x0000004f       0x1f h:/iti embedded system fundamentals training/01- es full diploma-20230730t125517z-001/01- es full diploma/02-imt_sdk/winavr/bin/../lib/gcc/avr/4.3.3/avr5\libgcc.a(_mul_sf.o)
 .debug_pubnames
                0x0000006e       0x1e h:/iti embedded system fundamentals training/01- es full diploma-20230730t125517z-001/01- es full diploma/02-imt_sdk/winavr/bin/../lib/gcc/avr/4.3.3/avr5\libgcc.a(_gt_sf.o)
 .debug_pubnames
                0x0000008c       0x1e h:/iti embedded system fundamentals training/01- es full diploma-20230730t125517z-001/01- es full diploma/02-imt_sdk/winavr/bin/../lib/gcc/avr/4.3.3/avr5\libgcc.a(_ge_sf.o)
 .debug_pubnames
                0x000000aa       0x1e h:/iti embedded system fundamentals training/01- es full diploma-20230730t125517z-001/01- es full diploma/02-imt_sdk/winavr/bin/../lib/gcc/avr/4.3.3/avr5\libgcc.a(_lt_sf.o)
 .debug_pubnames
                0x000000c8       0x20 h:/iti embedded system fundamentals training/01- es full diploma-20230730t125517z-001/01- es full diploma/02-imt_sdk/winavr/bin/../lib/gcc/avr/4.3.3/avr5\libgcc.a(_sf_to_si.o)
 .debug_pubnames
                0x000000e8       0x22 h:/iti embedded system fundamentals training/01- es full diploma-20230730t125517z-001/01- es full diploma/02-imt_sdk/winavr/bin/../lib/gcc/avr/4.3.3/avr5\libgcc.a(_thenan_sf.o)
 .debug_pubnames
                0x0000010a       0x1f h:/iti embedded system fundamentals training/01- es full diploma-20230730t125517z-001/01- es full diploma/02-imt_sdk/winavr/bin/../lib/gcc/avr/4.3.3/avr5\libgcc.a(_pack_sf.o)
 .debug_pubnames
                0x00000129       0x21 h:/iti embedded system fundamentals training/01- es full diploma-20230730t125517z-001/01- es full diploma/02-imt_sdk/winavr/bin/../lib/gcc/avr/4.3.3/avr5\libgcc.a(_unpack_sf.o)
 .debug_pubnames
                0x0000014a       0x26 h:/iti embedded system fundamentals training/01- es full diploma-20230730t125517z-001/01- es full diploma/02-imt_sdk/winavr/bin/../lib/gcc/avr/4.3.3/avr5\libgcc.a(_fpcmp_parts_sf.o)

.debug_info     0x00000000     0x1c49
 *(.debug_info)
 .debug_info    0x00000000       0xb1 h:/iti embedded system fundamentals training/01- es full diploma-20230730t125517z-001/01- es full diploma/02-imt_sdk/winavr/bin/../lib/gcc/avr/4.3.3/avr5\libgcc.a(_fixunssfsi.o)
 .debug_info    0x000000b1      0x47a h:/iti embedded system fundamentals training/01- es full diploma-20230730t125517z-001/01- es full diploma/02-imt_sdk/winavr/bin/../lib/gcc/avr/4.3.3/avr5\libgcc.a(_addsub_sf.o)
 .debug_info    0x0000052b      0x485 h:/iti embedded system fundamentals training/01- es full diploma-20230730t125517z-001/01- es full diploma/02-imt_sdk/winavr/bin/../lib/gcc/avr/4.3.3/avr5\libgcc.a(_mul_sf.o)
 .debug_info    0x000009b0      0x27f h:/iti embedded system fundamentals training/01- es full diploma-20230730t125517z-001/01- es full diploma/02-imt_sdk/winavr/bin/../lib/gcc/avr/4.3.3/avr5\libgcc.a(_gt_sf.o)
 .debug_info    0x00000c2f      0x27f h:/iti embedded system fundamentals training/01- es full diploma-20230730t125517z-001/01- es full diploma/02-imt_sdk/winavr/bin/../lib/gcc/avr/4.3.3/avr5\libgcc.a(_ge_sf.o)
 .debug_info    0x00000eae      0x27f h:/iti embedded system fundamentals training/01- es full diploma-20230730t125517z-001/01- es full diploma/02-imt_sdk/winavr/bin/../lib/gcc/avr/4.3.3/avr5\libgcc.a(_lt_sf.o)
 .debug_info    0x0000112d      0x2b0 h:/iti embedded system fundamentals training/01- es full diploma-20230730t125517z-001/01- es full diploma/02-imt_sdk/winavr/bin/../lib/gcc/avr/4.3.3/avr5\libgcc.a(_sf_to_si.o)
 .debug_info    0x000013dd      0x12c h:/iti embedded system fundamentals training/01- es full diploma-20230730t125517z-001/01- es full diploma/02-imt_sdk/winavr/bin/../lib/gcc/avr/4.3.3/avr5\libgcc.a(_thenan_sf.o)
 .debug_info    0x00001509      0x2df h:/iti embedded system fundamentals training/01- es full diploma-20230730t125517z-001/01- es full diploma/02-imt_sdk/winavr/bin/../lib/gcc/avr/4.3.3/avr5\libgcc.a(_pack_sf.o)
 .debug_info    0x000017e8      0x251 h:/iti embedded system fundamentals training/01- es full diploma-20230730t125517z-001/01- es full diploma/02-imt_sdk/winavr/bin/../lib/gcc/avr/4.3.3/avr5\libgcc.a(_unpack_sf.o)
 .debug_info    0x00001a39      0x210 h:/iti embedded system fundamentals training/01- es full diploma-20230730t125517z-001/01- es full diploma/02-imt_sdk/winavr/bin/../lib/gcc/avr/4.3.3/avr5\libgcc.a(_fpcmp_parts_sf.o)
 *(.gnu.linkonce.wi.*)

.debug_abbrev   0x00000000      0xeeb
 *(.debug_abbrev)
 .debug_abbrev  0x00000000       0x5d h:/iti embedded system fundamentals training/01- es full diploma-20230730t125517z-001/01- es full diploma/02-imt_sdk/winavr/bin/../lib/gcc/avr/4.3.3/avr5\libgcc.a(_fixunssfsi.o)
 .debug_abbrev  0x0000005d      0x1ea h:/iti embedded system fundamentals training/01- es full diploma-20230730t125517z-001/01- es full diploma/02-imt_sdk/winavr/bin/../lib/gcc/avr/4.3.3/avr5\libgcc.a(_addsub_sf.o)
 .debug_abbrev  0x00000247      0x21b h:/iti embedded system fundamentals training/01- es full diploma-20230730t125517z-001/01- es full diploma/02-imt_sdk/winavr/bin/../lib/gcc/avr/4.3.3/avr5\libgcc.a(_mul_sf.o)
 .debug_abbrev  0x00000462      0x15a h:/iti embedded system fundamentals training/01- es full diploma-20230730t125517z-001/01- es full diploma/02-imt_sdk/winavr/bin/../lib/gcc/avr/4.3.3/avr5\libgcc.a(_gt_sf.o)
 .debug_abbrev  0x000005bc      0x15a h:/iti embedded system fundamentals training/01- es full diploma-20230730t125517z-001/01- es full diploma/02-imt_sdk/winavr/bin/../lib/gcc/avr/4.3.3/avr5\libgcc.a(_ge_sf.o)
 .debug_abbrev  0x00000716      0x15a h:/iti embedded system fundamentals training/01- es full diploma-20230730t125517z-001/01- es full diploma/02-imt_sdk/winavr/bin/../lib/gcc/avr/4.3.3/avr5\libgcc.a(_lt_sf.o)
 .debug_abbrev  0x00000870      0x17f h:/iti embedded system fundamentals training/01- es full diploma-20230730t125517z-001/01- es full diploma/02-imt_sdk/winavr/bin/../lib/gcc/avr/4.3.3/avr5\libgcc.a(_sf_to_si.o)
 .debug_abbrev  0x000009ef       0xad h:/iti embedded system fundamentals training/01- es full diploma-20230730t125517z-001/01- es full diploma/02-imt_sdk/winavr/bin/../lib/gcc/avr/4.3.3/avr5\libgcc.a(_thenan_sf.o)
 .debug_abbrev  0x00000a9c      0x1c0 h:/iti embedded system fundamentals training/01- es full diploma-20230730t125517z-001/01- es full diploma/02-imt_sdk/winavr/bin/../lib/gcc/avr/4.3.3/avr5\libgcc.a(_pack_sf.o)
 .debug_abbrev  0x00000c5c      0x154 h:/iti embedded system fundamentals training/01- es full diploma-20230730t125517z-001/01- es full diploma/02-imt_sdk/winavr/bin/../lib/gcc/avr/4.3.3/avr5\libgcc.a(_unpack_sf.o)
 .debug_abbrev  0x00000db0      0x13b h:/iti embedded system fundamentals training/01- es full diploma-20230730t125517z-001/01- es full diploma/02-imt_sdk/winavr/bin/../lib/gcc/avr/4.3.3/avr5\libgcc.a(_fpcmp_parts_sf.o)

.debug_line     0x00000000      0xdad
 *(.debug_line)
 .debug_line    0x00000000       0xa7 h:/iti embedded system fundamentals training/01- es full diploma-20230730t125517z-001/01- es full diploma/02-imt_sdk/winavr/bin/../lib/gcc/avr/4.3.3/avr5\libgcc.a(_fixunssfsi.o)
 .debug_line    0x000000a7      0x2af h:/iti embedded system fundamentals training/01- es full diploma-20230730t125517z-001/01- es full diploma/02-imt_sdk/winavr/bin/../lib/gcc/avr/4.3.3/avr5\libgcc.a(_addsub_sf.o)
 .debug_line    0x00000356      0x239 h:/iti embedded system fundamentals training/01- es full diploma-20230730t125517z-001/01- es full diploma/02-imt_sdk/winavr/bin/../lib/gcc/avr/4.3.3/avr5\libgcc.a(_mul_sf.o)
 .debug_line    0x0000058f       0xd3 h:/iti embedded system fundamentals training/01- es full diploma-20230730t125517z-001/01- es full diploma/02-imt_sdk/winavr/bin/../lib/gcc/avr/4.3.3/avr5\libgcc.a(_gt_sf.o)
 .debug_line    0x00000662       0xd3 h:/iti embedded system fundamentals training/01- es full diploma-20230730t125517z-001/01- es full diploma/02-imt_sdk/winavr/bin/../lib/gcc/avr/4.3.3/avr5\libgcc.a(_ge_sf.o)
 .debug_line    0x00000735       0xd3 h:/iti embedded system fundamentals training/01- es full diploma-20230730t125517z-001/01- es full diploma/02-imt_sdk/winavr/bin/../lib/gcc/avr/4.3.3/avr5\libgcc.a(_lt_sf.o)
 .debug_line    0x00000808      0x109 h:/iti embedded system fundamentals training/01- es full diploma-20230730t125517z-001/01- es full diploma/02-imt_sdk/winavr/bin/../lib/gcc/avr/4.3.3/avr5\libgcc.a(_sf_to_si.o)
 .debug_line    0x00000911       0x90 h:/iti embedded system fundamentals training/01- es full diploma-20230730t125517z-001/01- es full diploma/02-imt_sdk/winavr/bin/../lib/gcc/avr/4.3.3/avr5\libgcc.a(_thenan_sf.o)
 .debug_line    0x000009a1      0x18a h:/iti embedded system fundamentals training/01- es full diploma-20230730t125517z-001/01- es full diploma/02-imt_sdk/winavr/bin/../lib/gcc/avr/4.3.3/avr5\libgcc.a(_pack_sf.o)
 .debug_line    0x00000b2b      0x14b h:/iti embedded system fundamentals training/01- es full diploma-20230730t125517z-001/01- es full diploma/02-imt_sdk/winavr/bin/../lib/gcc/avr/4.3.3/avr5\libgcc.a(_unpack_sf.o)
 .debug_line    0x00000c76      0x137 h:/iti embedded system fundamentals training/01- es full diploma-20230730t125517z-001/01- es full diploma/02-imt_sdk/winavr/bin/../lib/gcc/avr/4.3.3/avr5\libgcc.a(_fpcmp_parts_sf.o)

.debug_frame    0x00000000      0x160
 *(.debug_frame)
 .debug_frame   0x00000000       0x20 h:/iti embedded system fundamentals training/01- es full diploma-20230730t125517z-001/01- es full diploma/02-imt_sdk/winavr/bin/../lib/gcc/avr/4.3.3/avr5\libgcc.a(_fixunssfsi.o)
 .debug_frame   0x00000020       0x40 h:/iti embedded system fundamentals training/01- es full diploma-20230730t125517z-001/01- es full diploma/02-imt_sdk/winavr/bin/../lib/gcc/avr/4.3.3/avr5\libgcc.a(_addsub_sf.o)
 .debug_frame   0x00000060       0x20 h:/iti embedded system fundamentals training/01- es full diploma-20230730t125517z-001/01- es full diploma/02-imt_sdk/winavr/bin/../lib/gcc/avr/4.3.3/avr5\libgcc.a(_mul_sf.o)
 .debug_frame   0x00000080       0x20 h:/iti embedded system fundamentals training/01- es full diploma-20230730t125517z-001/01- es full diploma/02-imt_sdk/winavr/bin/../lib/gcc/avr/4.3.3/avr5\libgcc.a(_gt_sf.o)
 .debug_frame   0x000000a0       0x20 h:/iti embedded system fundamentals training/01- es full diploma-20230730t125517z-001/01- es full diploma/02-imt_sdk/winavr/bin/../lib/gcc/avr/4.3.3/avr5\libgcc.a(_ge_sf.o)
 .debug_frame   0x000000c0       0x20 h:/iti embedded system fundamentals training/01- es full diploma-20230730t125517z-001/01- es full diploma/02-imt_sdk/winavr/bin/../lib/gcc/avr/4.3.3/avr5\libgcc.a(_lt_sf.o)
 .debug_frame   0x000000e0       0x20 h:/iti embedded system fundamentals training/01- es full diploma-20230730t125517z-001/01- es full diploma/02-imt_sdk/winavr/bin/../lib/gcc/avr/4.3.3/avr5\libgcc.a(_sf_to_si.o)
 .debug_frame   0x00000100       0x20 h:/iti embedded system fundamentals training/01- es full diploma-20230730t125517z-001/01- es full diploma/02-imt_sdk/winavr/bin/../lib/gcc/avr/4.3.3/avr5\libgcc.a(_pack_sf.o)
 .debug_frame   0x00000120       0x20 h:/iti embedded system fundamentals training/01- es full diploma-20230730t125517z-001/01- es full diploma/02-imt_sdk/winavr/bin/../lib/gcc/avr/4.3.3/avr5\libgcc.a(_unpack_sf.o)
 .debug_frame   0x00000140       0x20 h:/iti embedded system fundamentals training/01- es full diploma-20230730t125517z-001/01- es full diploma/02-imt_sdk/winavr/bin/../lib/gcc/avr/4.3.3/avr5\libgcc.a(_fpcmp_parts_sf.o)

.debug_str      0x00000000      0x28d
 *(.debug_str)
 .debug_str     0x00000000       0xbf h:/iti embedded system fundamentals training/01- es full diploma-20230730t125517z-001/01- es full diploma/02-imt_sdk/winavr/bin/../lib/gcc/avr/4.3.3/avr5\libgcc.a(_fixunssfsi.o)
                                 0xfe (size before relaxing)
 .debug_str     0x000000bf      0x14d h:/iti embedded system fundamentals training/01- es full diploma-20230730t125517z-001/01- es full diploma/02-imt_sdk/winavr/bin/../lib/gcc/avr/4.3.3/avr5\libgcc.a(_addsub_sf.o)
                                0x206 (size before relaxing)
 .debug_str     0x0000020c       0x27 h:/iti embedded system fundamentals training/01- es full diploma-20230730t125517z-001/01- es full diploma/02-imt_sdk/winavr/bin/../lib/gcc/avr/4.3.3/avr5\libgcc.a(_mul_sf.o)
                                0x1bf (size before relaxing)
 .debug_str     0x00000233        0xf h:/iti embedded system fundamentals training/01- es full diploma-20230730t125517z-001/01- es full diploma/02-imt_sdk/winavr/bin/../lib/gcc/avr/4.3.3/avr5\libgcc.a(_gt_sf.o)
                                0x195 (size before relaxing)
 .debug_str     0x00000242        0x8 h:/iti embedded system fundamentals training/01- es full diploma-20230730t125517z-001/01- es full diploma/02-imt_sdk/winavr/bin/../lib/gcc/avr/4.3.3/avr5\libgcc.a(_ge_sf.o)
                                0x195 (size before relaxing)
 .debug_str     0x0000024a        0x8 h:/iti embedded system fundamentals training/01- es full diploma-20230730t125517z-001/01- es full diploma/02-imt_sdk/winavr/bin/../lib/gcc/avr/4.3.3/avr5\libgcc.a(_lt_sf.o)
                                0x195 (size before relaxing)
 .debug_str     0x00000252        0xa h:/iti embedded system fundamentals training/01- es full diploma-20230730t125517z-001/01- es full diploma/02-imt_sdk/winavr/bin/../lib/gcc/avr/4.3.3/avr5\libgcc.a(_sf_to_si.o)
                                0x19e (size before relaxing)
 .debug_str     0x00000000      0x103 h:/iti embedded system fundamentals training/01- es full diploma-20230730t125517z-001/01- es full diploma/02-imt_sdk/winavr/bin/../lib/gcc/avr/4.3.3/avr5\libgcc.a(_thenan_sf.o)
 .debug_str     0x0000025c       0x16 h:/iti embedded system fundamentals training/01- es full diploma-20230730t125517z-001/01- es full diploma/02-imt_sdk/winavr/bin/../lib/gcc/avr/4.3.3/avr5\libgcc.a(_pack_sf.o)
                                0x19d (size before relaxing)
 .debug_str     0x00000272        0xb h:/iti embedded system fundamentals training/01- es full diploma-20230730t125517z-001/01- es full diploma/02-imt_sdk/winavr/bin/../lib/gcc/avr/4.3.3/avr5\libgcc.a(_unpack_sf.o)
                                0x17f (size before relaxing)
 .debug_str     0x0000027d       0x10 h:/iti embedded system fundamentals training/01- es full diploma-20230730t125517z-001/01- es full diploma/02-imt_sdk/winavr/bin/../lib/gcc/avr/4.3.3/avr5\libgcc.a(_fpcmp_parts_sf.o)
                                0x163 (size before relaxing)

.debug_loc      0x00000000      0x7ce
 *(.debug_loc)
 .debug_loc     0x00000000       0x34 h:/iti embedded system fundamentals training/01- es full diploma-20230730t125517z-001/01- es full diploma/02-imt_sdk/winavr/bin/../lib/gcc/avr/4.3.3/avr5\libgcc.a(_fixunssfsi.o)
 .debug_loc     0x00000034      0x32a h:/iti embedded system fundamentals training/01- es full diploma-20230730t125517z-001/01- es full diploma/02-imt_sdk/winavr/bin/../lib/gcc/avr/4.3.3/avr5\libgcc.a(_addsub_sf.o)
 .debug_loc     0x0000035e      0x104 h:/iti embedded system fundamentals training/01- es full diploma-20230730t125517z-001/01- es full diploma/02-imt_sdk/winavr/bin/../lib/gcc/avr/4.3.3/avr5\libgcc.a(_mul_sf.o)
 .debug_loc     0x00000462       0x3c h:/iti embedded system fundamentals training/01- es full diploma-20230730t125517z-001/01- es full diploma/02-imt_sdk/winavr/bin/../lib/gcc/avr/4.3.3/avr5\libgcc.a(_gt_sf.o)
 .debug_loc     0x0000049e       0x3c h:/iti embedded system fundamentals training/01- es full diploma-20230730t125517z-001/01- es full diploma/02-imt_sdk/winavr/bin/../lib/gcc/avr/4.3.3/avr5\libgcc.a(_ge_sf.o)
 .debug_loc     0x000004da       0x3c h:/iti embedded system fundamentals training/01- es full diploma-20230730t125517z-001/01- es full diploma/02-imt_sdk/winavr/bin/../lib/gcc/avr/4.3.3/avr5\libgcc.a(_lt_sf.o)
 .debug_loc     0x00000516       0x7e h:/iti embedded system fundamentals training/01- es full diploma-20230730t125517z-001/01- es full diploma/02-imt_sdk/winavr/bin/../lib/gcc/avr/4.3.3/avr5\libgcc.a(_sf_to_si.o)
 .debug_loc     0x00000594      0x13e h:/iti embedded system fundamentals training/01- es full diploma-20230730t125517z-001/01- es full diploma/02-imt_sdk/winavr/bin/../lib/gcc/avr/4.3.3/avr5\libgcc.a(_pack_sf.o)
 .debug_loc     0x000006d2       0xac h:/iti embedded system fundamentals training/01- es full diploma-20230730t125517z-001/01- es full diploma/02-imt_sdk/winavr/bin/../lib/gcc/avr/4.3.3/avr5\libgcc.a(_unpack_sf.o)
 .debug_loc     0x0000077e       0x50 h:/iti embedded system fundamentals training/01- es full diploma-20230730t125517z-001/01- es full diploma/02-imt_sdk/winavr/bin/../lib/gcc/avr/4.3.3/avr5\libgcc.a(_fpcmp_parts_sf.o)

.debug_macinfo
 *(.debug_macinfo)
OUTPUT(UART_PROJ.elf elf32-avr)
LOAD linker stubs

.debug_ranges   0x00000000       0x50
 .debug_ranges  0x00000000       0x50 h:/iti embedded system fundamentals training/01- es full diploma-20230730t125517z-001/01- es full diploma/02-imt_sdk/winavr/bin/../lib/gcc/avr/4.3.3/avr5\libgcc.a(_mul_sf.o)
